// Jest Snapshot v1, https://goo.gl/fbAQLP

exports[`<SidebarFooter /> should render correctly 1`] = `
<div
  data-testid="wrapper"
>
  <p
    class="SidebarFooterstyles__Title-sc-7jmd2j-0 fWRSdH"
  >
    Title
  </p>
  <p
    class="SidebarFooterstyles__P-sc-7jmd2j-1 dJkCpp"
  >
    Text
  </p>
  <button
    class="Buttonstyles__StyledButton-sc-1uuuyg7-0 jPrzzZ SidebarFooterstyles__StyledButton-sc-7jmd2j-2 nVHiT"
    data-testid="button"
    type="button"
  >
    <div
      class="Iconstyles__IconWrapper-sc-1ghvgbo-0 ipHglB Buttonstyles__StyledIcon-sc-1uuuyg7-1 fWCKUg"
      data-testid="buttonIcon"
      size="16"
    >
      <svg
        data-testid="icon"
        fill="#313336"
        height="1em"
        viewBox="0 0 24 24"
        width="1em"
      >
        <path
          d="M19 13H13V19H11V13H5V11H11V5H13V11H19V13Z"
        />
      </svg>
    </div>
    <span>
      Button
    </span>
  </button>
</div>
`;
